
> prediction-engine@0.1.0 build
> npx tsc -p tsconfig.json --noEmit && vite build

[36mvite v5.4.21 [32mbuilding for production...[36m[39m
transforming...
[32mΓ£ô[39m 1942 modules transformed.
rendering chunks...
computing gzip size...
[2mdist/[22m[32mindex.html                   [39m[1m[2m  4.24 kB[22m[1m[22m[2m Γöé gzip:   1.28 kB[22m
[2mdist/[22m[35massets/index-BVHEmY84.css    [39m[1m[2m131.34 kB[22m[1m[22m[2m Γöé gzip:  21.95 kB[22m
[2mdist/[22m[36massets/react-jIv3mdoM.js     [39m[1m[2m133.96 kB[22m[1m[22m[2m Γöé gzip:  43.15 kB[22m
[2mdist/[22m[36massets/framer-CYy7xHdi.js    [39m[1m[2m138.37 kB[22m[1m[22m[2m Γöé gzip:  45.67 kB[22m
[2mdist/[22m[36massets/firebase-C5_fxTjv.js  [39m[1m[2m285.26 kB[22m[1m[22m[2m Γöé gzip:  67.66 kB[22m
[2mdist/[22m[36massets/index-gKJksoQK.js     [39m[1m[2m451.20 kB[22m[1m[22m[2m Γöé gzip: 110.11 kB[22m
[32mΓ£ô built in 32.44s[39m
